{
  "version": "1.5.0",
  "plugins_used": [
    {
      "name": "ArtifactoryDetector"
    },
    {
      "name": "AWSKeyDetector"
    },
    {
      "name": "AzureStorageKeyDetector"
    },
    {
      "name": "Base64HighEntropyString",
      "limit": 4.5
    },
    {
      "name": "BasicAuthDetector"
    },
    {
      "name": "CloudantDetector"
    },
    {
      "name": "DiscordBotTokenDetector"
    },
    {
      "name": "GitHubTokenDetector"
    },
    {
      "name": "GitLabTokenDetector"
    },
    {
      "name": "HexHighEntropyString",
      "limit": 3.0
    },
    {
      "name": "IbmCloudIamDetector"
    },
    {
      "name": "IbmCosHmacDetector"
    },
    {
      "name": "IPPublicDetector"
    },
    {
      "name": "JwtTokenDetector"
    },
    {
      "name": "KeywordDetector",
      "keyword_exclude": ""
    },
    {
      "name": "MailchimpDetector"
    },
    {
      "name": "NpmDetector"
    },
    {
      "name": "OpenAIDetector"
    },
    {
      "name": "PrivateKeyDetector"
    },
    {
      "name": "PypiTokenDetector"
    },
    {
      "name": "SendGridDetector"
    },
    {
      "name": "SlackDetector"
    },
    {
      "name": "SoftlayerDetector"
    },
    {
      "name": "SquareOAuthDetector"
    },
    {
      "name": "StripeDetector"
    },
    {
      "name": "TelegramBotTokenDetector"
    },
    {
      "name": "TwilioKeyDetector"
    }
  ],
  "filters_used": [
    {
      "path": "detect_secrets.filters.allowlist.is_line_allowlisted"
    },
    {
      "path": "detect_secrets.filters.common.is_ignored_due_to_verification_policies",
      "min_level": 2
    },
    {
      "path": "detect_secrets.filters.heuristic.is_indirect_reference"
    },
    {
      "path": "detect_secrets.filters.heuristic.is_likely_id_string"
    },
    {
      "path": "detect_secrets.filters.heuristic.is_lock_file"
    },
    {
      "path": "detect_secrets.filters.heuristic.is_not_alphanumeric_string"
    },
    {
      "path": "detect_secrets.filters.heuristic.is_potential_uuid"
    },
    {
      "path": "detect_secrets.filters.heuristic.is_prefixed_with_dollar_sign"
    },
    {
      "path": "detect_secrets.filters.heuristic.is_sequential_string"
    },
    {
      "path": "detect_secrets.filters.heuristic.is_swagger_file"
    },
    {
      "path": "detect_secrets.filters.heuristic.is_templated_secret"
    }
  ],
  "results": {
    "docs/daily-ai-intelligence/phase-status.yaml": [
      {
        "type": "Hex High Entropy String",
        "filename": "docs/daily-ai-intelligence/phase-status.yaml",
        "hashed_secret": "29610d1fb993273028369479b1e4c7b0eb3b6346",
        "is_verified": false,
        "line_number": 37
      },
      {
        "type": "Hex High Entropy String",
        "filename": "docs/daily-ai-intelligence/phase-status.yaml",
        "hashed_secret": "70b935c7db686370de3519ffee2e4e715e11ad62",
        "is_verified": false,
        "line_number": 232
      }
    ],
    "docs/user-guide.md": [
      {
        "type": "Secret Keyword",
        "filename": "docs/user-guide.md",
        "hashed_secret": "448d87cf97caa352364f89832131d41199e686a8",
        "is_verified": false,
        "line_number": 1080
      },
      {
        "type": "Secret Keyword",
        "filename": "docs/user-guide.md",
        "hashed_secret": "0b3624c004141bfd6c44531e7726351d59626ac1",
        "is_verified": false,
        "line_number": 1084
      },
      {
        "type": "Secret Keyword",
        "filename": "docs/user-guide.md",
        "hashed_secret": "800680786c8a943a7680e7d46c8881b4e4869f28",
        "is_verified": false,
        "line_number": 1089
      },
      {
        "type": "Secret Keyword",
        "filename": "docs/user-guide.md",
        "hashed_secret": "5965804fcfc5903cd709c0771e12512900a73b16",
        "is_verified": false,
        "line_number": 1093
      },
      {
        "type": "Secret Keyword",
        "filename": "docs/user-guide.md",
        "hashed_secret": "0957bac13aef399101fadc9f33441acf068ea8ef",
        "is_verified": false,
        "line_number": 1098
      },
      {
        "type": "Secret Keyword",
        "filename": "docs/user-guide.md",
        "hashed_secret": "16448cc6c5e6faafd6d00374da3dd55c63ed062d",
        "is_verified": false,
        "line_number": 1101
      },
      {
        "type": "Secret Keyword",
        "filename": "docs/user-guide.md",
        "hashed_secret": "e257551eabfcc352eb520298c4c5a8491498b926",
        "is_verified": false,
        "line_number": 1106
      },
      {
        "type": "Secret Keyword",
        "filename": "docs/user-guide.md",
        "hashed_secret": "08e2cb34cd8569f32d708599418ad91c2447bbcf",
        "is_verified": false,
        "line_number": 1109
      }
    ],
    "tests/unit/test_cmd_cli_handlers_batch3.py": [
      {
        "type": "Secret Keyword",
        "filename": "tests/unit/test_cmd_cli_handlers_batch3.py",
        "hashed_secret": "a2ab1959c1c3bfa295b0fc90199378272db76b45",
        "is_verified": false,
        "line_number": 359
      },
      {
        "type": "Secret Keyword",
        "filename": "tests/unit/test_cmd_cli_handlers_batch3.py",
        "hashed_secret": "e9a5f12a8ecbb3eb46eca5096b5c52aa5e7c9fdd",
        "is_verified": false,
        "line_number": 394
      }
    ],
    "tests/unit/test_conversion_fallback.py": [
      {
        "type": "Secret Keyword",
        "filename": "tests/unit/test_conversion_fallback.py",
        "hashed_secret": "a2ab1959c1c3bfa295b0fc90199378272db76b45",
        "is_verified": false,
        "line_number": 229
      },
      {
        "type": "Secret Keyword",
        "filename": "tests/unit/test_conversion_fallback.py",
        "hashed_secret": "bfeb734d2eb5d0915145c1861248757d4fd32bc2",
        "is_verified": false,
        "line_number": 230
      }
    ],
    "tests/unit/test_conversion_online_backends.py": [
      {
        "type": "Secret Keyword",
        "filename": "tests/unit/test_conversion_online_backends.py",
        "hashed_secret": "00942f4668670f34c5943cf52c7ef3139fe2b8d6",
        "is_verified": false,
        "line_number": 116
      }
    ],
    "tests/unit/test_enrichment.py": [
      {
        "type": "Secret Keyword",
        "filename": "tests/unit/test_enrichment.py",
        "hashed_secret": "ed65c049bb2f78ee4f703b2158ba9cc6ea31fb7e",
        "is_verified": false,
        "line_number": 326
      }
    ],
    "tests/unit/test_env_snapshot.py": [
      {
        "type": "Secret Keyword",
        "filename": "tests/unit/test_env_snapshot.py",
        "hashed_secret": "f2b14f68eb995facb3a1c35287b778d5bd785511",
        "is_verified": false,
        "line_number": 165
      },
      {
        "type": "Secret Keyword",
        "filename": "tests/unit/test_env_snapshot.py",
        "hashed_secret": "480bfd9805c2b8b0885af2eb82e25ff39b02bf81",
        "is_verified": false,
        "line_number": 177
      }
    ],
    "tests/unit/test_infra_hashing.py": [
      {
        "type": "Hex High Entropy String",
        "filename": "tests/unit/test_infra_hashing.py",
        "hashed_secret": "244f421f896bdcdd2784dccf4eaf7c8dfd5189b5",
        "is_verified": false,
        "line_number": 12
      },
      {
        "type": "Hex High Entropy String",
        "filename": "tests/unit/test_infra_hashing.py",
        "hashed_secret": "ee662f2bc691daa48d074542722d8e1b0587673c",
        "is_verified": false,
        "line_number": 18
      }
    ],
    "tests/unit/test_llm_providers.py": [
      {
        "type": "Secret Keyword",
        "filename": "tests/unit/test_llm_providers.py",
        "hashed_secret": "e9a5f12a8ecbb3eb46eca5096b5c52aa5e7c9fdd",
        "is_verified": false,
        "line_number": 119
      }
    ],
    "tests/unit/test_model_routing.py": [
      {
        "type": "Secret Keyword",
        "filename": "tests/unit/test_model_routing.py",
        "hashed_secret": "e9a5f12a8ecbb3eb46eca5096b5c52aa5e7c9fdd",
        "is_verified": false,
        "line_number": 454
      }
    ]
  },
  "generated_at": "2026-05-11T12:58:37Z"
}
